
blocktest.fth**=== NOT TESTED === *******Scr 21 Dr 1
 0 Should show a (mostly) blank screen
 1
 2
 3
 4
 5
 6
 7
 8
 9
10
11
12
13
14
15
16
17
18
19
20
21
22
23
24
Scr 20 Dr 1
 0 List of the First test block
 1
 2
 3
 4
 5
 6
 7
 8
 9
10
11
12
13
14
15
16
17
18
19
20
21
22
23
24
Scr 29 Dr 1
 0 List of the Last test block
 1
 2
 3
 4
 5
 6
 7
 8
 9
10
11
12
13
14
15
16
17
18
19
20
21
22
23
24
Scr 25 Dr 1
 0
 1
 2
 3
 4
 5
 6
 7
 8
 9
10
11
12
13
14
15
16
17
18
19
20
21
22
23
24                            End of Screen
Scr 21 Dr 1
 0 Should show another (mostly) blank scree
 1
 2
 3
 4
 5
 6
 7
 8
 9
10
11
12
13
14
15
16
17
18
19
20
21
22
23
24
*** | exists Given Characters per Line: 41
*
End of Block word tests
