
doubletest.fth*****************
End of Double-Number word tests
