
---------------------------
        Error Report
Word Set             Errors
---------------------------
Core                    0
Core extension          0
Block                   0
Double number           0
Exception               -
Facility                -
File-access             -
Locals                  -
Memory-allocation       -
Programming-tools       -
Search-order            -
String                  -
---------------------------
Total                   0
---------------------------

